Archive member included to satisfy reference by file (symbol)

d:/arm-no~1/102021~1.10/bin/../lib/gcc/arm-none-eabi/10.3.1/../../../../arm-none-eabi/lib/thumb/v7-m/nofp\libg_nano.a(lib_a-exit.o)
                              d:/arm-no~1/102021~1.10/bin/../lib/gcc/arm-none-eabi/10.3.1/../../../../arm-none-eabi/lib/thumb/v7-m/nofp/crt0.o (exit)
d:/arm-no~1/102021~1.10/bin/../lib/gcc/arm-none-eabi/10.3.1/../../../../arm-none-eabi/lib/thumb/v7-m/nofp\libg_nano.a(lib_a-impure.o)
                              d:/arm-no~1/102021~1.10/bin/../lib/gcc/arm-none-eabi/10.3.1/../../../../arm-none-eabi/lib/thumb/v7-m/nofp\libg_nano.a(lib_a-exit.o) (_global_impure_ptr)
d:/arm-no~1/102021~1.10/bin/../lib/gcc/arm-none-eabi/10.3.1/../../../../arm-none-eabi/lib/thumb/v7-m/nofp\libg_nano.a(lib_a-init.o)
                              d:/arm-no~1/102021~1.10/bin/../lib/gcc/arm-none-eabi/10.3.1/../../../../arm-none-eabi/lib/thumb/v7-m/nofp/crt0.o (__libc_init_array)
d:/arm-no~1/102021~1.10/bin/../lib/gcc/arm-none-eabi/10.3.1/../../../../arm-none-eabi/lib/thumb/v7-m/nofp\libg_nano.a(lib_a-memset.o)
                              d:/arm-no~1/102021~1.10/bin/../lib/gcc/arm-none-eabi/10.3.1/../../../../arm-none-eabi/lib/thumb/v7-m/nofp/crt0.o (memset)
d:/arm-no~1/102021~1.10/bin/../lib/gcc/arm-none-eabi/10.3.1/../../../../arm-none-eabi/lib/thumb/v7-m/nofp\libnosys.a(_exit.o)
                              d:/arm-no~1/102021~1.10/bin/../lib/gcc/arm-none-eabi/10.3.1/../../../../arm-none-eabi/lib/thumb/v7-m/nofp\libg_nano.a(lib_a-exit.o) (_exit)

Discarded input sections

 .text          0x00000000        0x0 d:/arm-no~1/102021~1.10/bin/../lib/gcc/arm-none-eabi/10.3.1/thumb/v7-m/nofp/crti.o
 .data          0x00000000        0x0 d:/arm-no~1/102021~1.10/bin/../lib/gcc/arm-none-eabi/10.3.1/thumb/v7-m/nofp/crti.o
 .bss           0x00000000        0x0 d:/arm-no~1/102021~1.10/bin/../lib/gcc/arm-none-eabi/10.3.1/thumb/v7-m/nofp/crti.o
 .data          0x00000000        0x4 d:/arm-no~1/102021~1.10/bin/../lib/gcc/arm-none-eabi/10.3.1/thumb/v7-m/nofp/crtbegin.o
 .rodata        0x00000000       0x24 d:/arm-no~1/102021~1.10/bin/../lib/gcc/arm-none-eabi/10.3.1/thumb/v7-m/nofp/crtbegin.o
 .text          0x00000000       0x7c d:/arm-no~1/102021~1.10/bin/../lib/gcc/arm-none-eabi/10.3.1/../../../../arm-none-eabi/lib/thumb/v7-m/nofp/crt0.o
 .data          0x00000000        0x0 d:/arm-no~1/102021~1.10/bin/../lib/gcc/arm-none-eabi/10.3.1/../../../../arm-none-eabi/lib/thumb/v7-m/nofp/crt0.o
 .bss           0x00000000        0x0 d:/arm-no~1/102021~1.10/bin/../lib/gcc/arm-none-eabi/10.3.1/../../../../arm-none-eabi/lib/thumb/v7-m/nofp/crt0.o
 .ARM.extab     0x00000000        0x0 d:/arm-no~1/102021~1.10/bin/../lib/gcc/arm-none-eabi/10.3.1/../../../../arm-none-eabi/lib/thumb/v7-m/nofp/crt0.o
 .ARM.exidx     0x00000000       0x10 d:/arm-no~1/102021~1.10/bin/../lib/gcc/arm-none-eabi/10.3.1/../../../../arm-none-eabi/lib/thumb/v7-m/nofp/crt0.o
 .ARM.attributes
                0x00000000       0x1b d:/arm-no~1/102021~1.10/bin/../lib/gcc/arm-none-eabi/10.3.1/../../../../arm-none-eabi/lib/thumb/v7-m/nofp/crt0.o
 .text          0x00000000        0x0 CMakeFiles/TemplateF103.elf.dir/Core/Src/core_cm3.c.obj
 .data          0x00000000        0x0 CMakeFiles/TemplateF103.elf.dir/Core/Src/core_cm3.c.obj
 .bss           0x00000000        0x0 CMakeFiles/TemplateF103.elf.dir/Core/Src/core_cm3.c.obj
 .text.__get_PSP
                0x00000000        0xe CMakeFiles/TemplateF103.elf.dir/Core/Src/core_cm3.c.obj
 .text.__set_PSP
                0x00000000        0xa CMakeFiles/TemplateF103.elf.dir/Core/Src/core_cm3.c.obj
 .text.__get_MSP
                0x00000000        0xe CMakeFiles/TemplateF103.elf.dir/Core/Src/core_cm3.c.obj
 .text.__set_MSP
                0x00000000        0xa CMakeFiles/TemplateF103.elf.dir/Core/Src/core_cm3.c.obj
 .text.__get_BASEPRI
                0x00000000       0x1c CMakeFiles/TemplateF103.elf.dir/Core/Src/core_cm3.c.obj
 .text.__set_BASEPRI
                0x00000000       0x18 CMakeFiles/TemplateF103.elf.dir/Core/Src/core_cm3.c.obj
 .text.__get_PRIMASK
                0x00000000       0x1c CMakeFiles/TemplateF103.elf.dir/Core/Src/core_cm3.c.obj
 .text.__set_PRIMASK
                0x00000000       0x18 CMakeFiles/TemplateF103.elf.dir/Core/Src/core_cm3.c.obj
 .text.__get_FAULTMASK
                0x00000000       0x1c CMakeFiles/TemplateF103.elf.dir/Core/Src/core_cm3.c.obj
 .text.__set_FAULTMASK
                0x00000000       0x18 CMakeFiles/TemplateF103.elf.dir/Core/Src/core_cm3.c.obj
 .text.__get_CONTROL
                0x00000000       0x1c CMakeFiles/TemplateF103.elf.dir/Core/Src/core_cm3.c.obj
 .text.__set_CONTROL
                0x00000000       0x18 CMakeFiles/TemplateF103.elf.dir/Core/Src/core_cm3.c.obj
 .text.__REV    0x00000000       0x1e CMakeFiles/TemplateF103.elf.dir/Core/Src/core_cm3.c.obj
 .text.__REV16  0x00000000       0x20 CMakeFiles/TemplateF103.elf.dir/Core/Src/core_cm3.c.obj
[...]
Memory Configuration

Name             Origin             Length             Attributes
RAM              0x20000000         0x00005000         xrw
FLASH            0x08000000         0x00010000         xr
*default*        0x00000000         0xffffffff

Linker script and memory map

LOAD d:/arm-no~1/102021~1.10/bin/../lib/gcc/arm-none-eabi/10.3.1/thumb/v7-m/nofp/crti.o
LOAD d:/arm-no~1/102021~1.10/bin/../lib/gcc/arm-none-eabi/10.3.1/thumb/v7-m/nofp/crtbegin.o
LOAD d:/arm-no~1/102021~1.10/bin/../lib/gcc/arm-none-eabi/10.3.1/../../../../arm-none-eabi/lib/thumb/v7-m/nofp/crt0.o
LOAD CMakeFiles/TemplateF103.elf.dir/Core/Src/core_cm3.c.obj
LOAD CMakeFiles/TemplateF103.elf.dir/Core/Src/main.c.obj
LOAD CMakeFiles/TemplateF103.elf.dir/Core/Src/stm32f10x_it.c.obj
LOAD CMakeFiles/TemplateF103.elf.dir/Core/Src/system_stm32f10x.c.obj
LOAD CMakeFiles/TemplateF103.elf.dir/STM32F10x_FWLib/Src/misc.c.obj
LOAD CMakeFiles/TemplateF103.elf.dir/STM32F10x_FWLib/Src/stm32f10x_adc.c.obj
LOAD CMakeFiles/TemplateF103.elf.dir/STM32F10x_FWLib/Src/stm32f10x_bkp.c.obj
LOAD CMakeFiles/TemplateF103.elf.dir/STM32F10x_FWLib/Src/stm32f10x_can.c.obj
LOAD CMakeFiles/TemplateF103.elf.dir/STM32F10x_FWLib/Src/stm32f10x_cec.c.obj
LOAD CMakeFiles/TemplateF103.elf.dir/STM32F10x_FWLib/Src/stm32f10x_crc.c.obj
LOAD CMakeFiles/TemplateF103.elf.dir/STM32F10x_FWLib/Src/stm32f10x_dac.c.obj
LOAD CMakeFiles/TemplateF103.elf.dir/STM32F10x_FWLib/Src/stm32f10x_dbgmcu.c.obj
LOAD CMakeFiles/TemplateF103.elf.dir/STM32F10x_FWLib/Src/stm32f10x_dma.c.obj
LOAD CMakeFiles/TemplateF103.elf.dir/STM32F10x_FWLib/Src/stm32f10x_exti.c.obj
LOAD CMakeFiles/TemplateF103.elf.dir/STM32F10x_FWLib/Src/stm32f10x_flash.c.obj
LOAD CMakeFiles/TemplateF103.elf.dir/STM32F10x_FWLib/Src/stm32f10x_fsmc.c.obj
LOAD CMakeFiles/TemplateF103.elf.dir/STM32F10x_FWLib/Src/stm32f10x_gpio.c.obj
LOAD CMakeFiles/TemplateF103.elf.dir/STM32F10x_FWLib/Src/stm32f10x_i2c.c.obj
LOAD CMakeFiles/TemplateF103.elf.dir/STM32F10x_FWLib/Src/stm32f10x_iwdg.c.obj
LOAD CMakeFiles/TemplateF103.elf.dir/STM32F10x_FWLib/Src/stm32f10x_pwr.c.obj
LOAD CMakeFiles/TemplateF103.elf.dir/STM32F10x_FWLib/Src/stm32f10x_rcc.c.obj
LOAD CMakeFiles/TemplateF103.elf.dir/STM32F10x_FWLib/Src/stm32f10x_rtc.c.obj
LOAD CMakeFiles/TemplateF103.elf.dir/STM32F10x_FWLib/Src/stm32f10x_sdio.c.obj
LOAD CMakeFiles/TemplateF103.elf.dir/STM32F10x_FWLib/Src/stm32f10x_spi.c.obj
LOAD CMakeFiles/TemplateF103.elf.dir/STM32F10x_FWLib/Src/stm32f10x_tim.c.obj
LOAD CMakeFiles/TemplateF103.elf.dir/STM32F10x_FWLib/Src/stm32f10x_usart.c.obj
LOAD CMakeFiles/TemplateF103.elf.dir/STM32F10x_FWLib/Src/stm32f10x_wwdg.c.obj
LOAD CMakeFiles/TemplateF103.elf.dir/SYSTEM/Src/delay.c.obj
LOAD CMakeFiles/TemplateF103.elf.dir/SYSTEM/Src/sys.c.obj
LOAD CMakeFiles/TemplateF103.elf.dir/SYSTEM/Src/usart.c.obj
LOAD CMakeFiles/TemplateF103.elf.dir/startup/startup_stm32f103xb.s.obj
START GROUP
LOAD d:/arm-no~1/102021~1.10/bin/../lib/gcc/arm-none-eabi/10.3.1/thumb/v7-m/nofp\libgcc.a
LOAD d:/arm-no~1/102021~1.10/bin/../lib/gcc/arm-none-eabi/10.3.1/../../../../arm-none-eabi/lib/thumb/v7-m/nofp\libg_nano.a
LOAD d:/arm-no~1/102021~1.10/bin/../lib/gcc/arm-none-eabi/10.3.1/../../../../arm-none-eabi/lib/thumb/v7-m/nofp\libc_nano.a
END GROUP
START GROUP
LOAD d:/arm-no~1/102021~1.10/bin/../lib/gcc/arm-none-eabi/10.3.1/thumb/v7-m/nofp\libgcc.a
LOAD d:/arm-no~1/102021~1.10/bin/../lib/gcc/arm-none-eabi/10.3.1/../../../../arm-none-eabi/lib/thumb/v7-m/nofp\libc_nano.a
LOAD d:/arm-no~1/102021~1.10/bin/../lib/gcc/arm-none-eabi/10.3.1/../../../../arm-none-eabi/lib/thumb/v7-m/nofp\libnosys.a
END GROUP
START GROUP
LOAD d:/arm-no~1/102021~1.10/bin/../lib/gcc/arm-none-eabi/10.3.1/thumb/v7-m/nofp\libgcc.a
LOAD d:/arm-no~1/102021~1.10/bin/../lib/gcc/arm-none-eabi/10.3.1/../../../../arm-none-eabi/lib/thumb/v7-m/nofp\libc_nano.a
LOAD d:/arm-no~1/102021~1.10/bin/../lib/gcc/arm-none-eabi/10.3.1/../../../../arm-none-eabi/lib/thumb/v7-m/nofp\libnosys.a
END GROUP
LOAD d:/arm-no~1/102021~1.10/bin/../lib/gcc/arm-none-eabi/10.3.1/thumb/v7-m/nofp/crtend.o
LOAD d:/arm-no~1/102021~1.10/bin/../lib/gcc/arm-none-eabi/10.3.1/thumb/v7-m/nofp/crtn.o
                0x20005000                _estack = 0x20005000
                0x00001000                _Min_Heap_Size = 0x1000
                0x00000400                _Min_Stack_Size = 0x400

.isr_vector     0x08000000      0x10c
                0x08000000                . = ALIGN (0x4)
 *(.isr_vector)
 .isr_vector    0x08000000      0x10c CMakeFiles/TemplateF103.elf.dir/startup/startup_stm32f103xb.s.obj
                0x08000000                g_pfnVectors
                0x0800010c                . = ALIGN (0x4)

.text           0x0800010c      0x750
                0x0800010c                . = ALIGN (0x4)
 *(.text)
 .text          0x0800010c       0x40 d:/arm-no~1/102021~1.10/bin/../lib/gcc/arm-none-eabi/10.3.1/thumb/v7-m/nofp/crtbegin.o
 *(.text*)
 .text.main     0x0800014c       0x94 CMakeFiles/TemplateF103.elf.dir/Core/Src/main.c.obj
                0x0800014c                main
 .text.NMI_Handler
                0x080001e0        0xc CMakeFiles/TemplateF103.elf.dir/Core/Src/stm32f10x_it.c.obj
                0x080001e0                NMI_Handler
 .text.HardFault_Handler
                0x080001ec        0x6 CMakeFiles/TemplateF103.elf.dir/Core/Src/stm32f10x_it.c.obj
                0x080001ec                HardFault_Handler
 .text.MemManage_Handler
                0x080001f2        0x6 CMakeFiles/TemplateF103.elf.dir/Core/Src/stm32f10x_it.c.obj
                0x080001f2                MemManage_Handler
 .text.BusFault_Handler
                0x080001f8        0x6 CMakeFiles/TemplateF103.elf.dir/Core/Src/stm32f10x_it.c.obj
                0x080001f8                BusFault_Handler
 .text.UsageFault_Handler
                0x080001fe        0x6 CMakeFiles/TemplateF103.elf.dir/Core/Src/stm32f10x_it.c.obj
                0x080001fe                UsageFault_Handler
 .text.SVC_Handler
                0x08000204        0xc CMakeFiles/TemplateF103.elf.dir/Core/Src/stm32f10x_it.c.obj
                0x08000204                SVC_Handler
 .text.DebugMon_Handler
                0x08000210        0xc CMakeFiles/TemplateF103.elf.dir/Core/Src/stm32f10x_it.c.obj
                0x08000210                DebugMon_Handler
 .text.PendSV_Handler
                0x0800021c        0xc CMakeFiles/TemplateF103.elf.dir/Core/Src/stm32f10x_it.c.obj
                0x0800021c                PendSV_Handler
 .text.SysTick_Handler
                0x08000228        0xc CMakeFiles/TemplateF103.elf.dir/Core/Src/stm32f10x_it.c.obj
                0x08000228                SysTick_Handler
 .text.SystemInit
                0x08000234       0x68 CMakeFiles/TemplateF103.elf.dir/Core/Src/system_stm32f10x.c.obj
                0x08000234                SystemInit
 .text.SetSysClock
                0x0800029c        0xc CMakeFiles/TemplateF103.elf.dir/Core/Src/system_stm32f10x.c.obj
 .text.SetSysClockTo72
                0x080002a8      0x100 CMakeFiles/TemplateF103.elf.dir/Core/Src/system_stm32f10x.c.obj
 .text.GPIO_Init
                0x080003a8      0x178 CMakeFiles/TemplateF103.elf.dir/STM32F10x_FWLib/Src/stm32f10x_gpio.c.obj
                0x080003a8                GPIO_Init
 .text.GPIO_SetBits
                0x08000520       0x1c CMakeFiles/TemplateF103.elf.dir/STM32F10x_FWLib/Src/stm32f10x_gpio.c.obj
                0x08000520                GPIO_SetBits
 .text.GPIO_ResetBits
                0x0800053c       0x1c CMakeFiles/TemplateF103.elf.dir/STM32F10x_FWLib/Src/stm32f10x_gpio.c.obj
                0x0800053c                GPIO_ResetBits
 .text.GPIO_WriteBit
                0x08000558       0x2e CMakeFiles/TemplateF103.elf.dir/STM32F10x_FWLib/Src/stm32f10x_gpio.c.obj
                0x08000558                GPIO_WriteBit
 *fill*         0x08000586        0x2 
 .text.RCC_APB2PeriphClockCmd
                0x08000588       0x3c CMakeFiles/TemplateF103.elf.dir/STM32F10x_FWLib/Src/stm32f10x_rcc.c.obj
                0x08000588                RCC_APB2PeriphClockCmd
 .text.USART_ReceiveData
                0x080005c4       0x1e CMakeFiles/TemplateF103.elf.dir/STM32F10x_FWLib/Src/stm32f10x_usart.c.obj
                0x080005c4                USART_ReceiveData
 .text.USART_GetITStatus
                0x080005e2       0xb4 CMakeFiles/TemplateF103.elf.dir/STM32F10x_FWLib/Src/stm32f10x_usart.c.obj
                0x080005e2                USART_GetITStatus
 *fill*         0x08000696        0x2 
 .text.delay_ms
                0x08000698       0x6c CMakeFiles/TemplateF103.elf.dir/SYSTEM/Src/delay.c.obj
                0x08000698                delay_ms
 .text.USART1_IRQHandler
                0x08000704       0xac CMakeFiles/TemplateF103.elf.dir/SYSTEM/Src/usart.c.obj
                0x08000704                USART1_IRQHandler
 .text.Reset_Handler
                0x080007b0       0x48 CMakeFiles/TemplateF103.elf.dir/startup/startup_stm32f103xb.s.obj
                0x080007b0                Reset_Handler
 .text.Default_Handler
                0x080007f8        0x2 CMakeFiles/TemplateF103.elf.dir/startup/startup_stm32f103xb.s.obj
                0x080007f8                RTC_Alarm_IRQHandler
                0x080007f8                EXTI2_IRQHandler
                0x080007f8                TIM1_CC_IRQHandler
                0x080007f8                PVD_IRQHandler
                0x080007f8                EXTI3_IRQHandler
                0x080007f8                EXTI0_IRQHandler
                0x080007f8                I2C2_EV_IRQHandler
                0x080007f8                ADC1_2_IRQHandler
                0x080007f8                SPI1_IRQHandler
                0x080007f8                TAMPER_IRQHandler
                0x080007f8                DMA1_Channel4_IRQHandler
                0x080007f8                USART3_IRQHandler
                0x080007f8                RTC_IRQHandler
                0x080007f8                DMA1_Channel7_IRQHandler
                0x080007f8                CAN1_RX1_IRQHandler
                0x080007f8                TIM4_IRQHandler
                0x080007f8                I2C1_EV_IRQHandler
                0x080007f8                DMA1_Channel6_IRQHandler
                0x080007f8                TIM3_IRQHandler
                0x080007f8                RCC_IRQHandler
                0x080007f8                TIM1_TRG_COM_IRQHandler
                0x080007f8                DMA1_Channel1_IRQHandler
                0x080007f8                Default_Handler
                0x080007f8                EXTI15_10_IRQHandler
                0x080007f8                EXTI9_5_IRQHandler
                0x080007f8                SPI2_IRQHandler
                0x080007f8                DMA1_Channel5_IRQHandler
                0x080007f8                EXTI4_IRQHandler
                0x080007f8                USB_LP_CAN1_RX0_IRQHandler
                0x080007f8                USB_HP_CAN1_TX_IRQHandler
                0x080007f8                DMA1_Channel3_IRQHandler
                0x080007f8                TIM1_UP_IRQHandler
                0x080007f8                WWDG_IRQHandler
                0x080007f8                TIM2_IRQHandler
                0x080007f8                TIM1_BRK_IRQHandler
                0x080007f8                EXTI1_IRQHandler
                0x080007f8                USART2_IRQHandler
                0x080007f8                I2C2_ER_IRQHandler
                0x080007f8                DMA1_Channel2_IRQHandler
                0x080007f8                CAN1_SCE_IRQHandler
                0x080007f8                FLASH_IRQHandler
                0x080007f8                I2C1_ER_IRQHandler
                0x080007f8                USBWakeUp_IRQHandler
 *fill*         0x080007fa        0x2 
 .text.__libc_init_array
                0x080007fc       0x48 d:/arm-no~1/102021~1.10/bin/../lib/gcc/arm-none-eabi/10.3.1/../../../../arm-none-eabi/lib/thumb/v7-m/nofp\libg_nano.a(lib_a-init.o)
                0x080007fc                __libc_init_array
 *(.glue_7)
 .glue_7        0x08000844        0x0 linker stubs
 *(.glue_7t)
 .glue_7t       0x08000844        0x0 linker stubs
 *(.eh_frame)
 .eh_frame      0x08000844        0x0 d:/arm-no~1/102021~1.10/bin/../lib/gcc/arm-none-eabi/10.3.1/thumb/v7-m/nofp/crtbegin.o
 *(.init)
 .init          0x08000844        0x4 d:/arm-no~1/102021~1.10/bin/../lib/gcc/arm-none-eabi/10.3.1/thumb/v7-m/nofp/crti.o
                0x08000844                _init
 .init          0x08000848        0x8 d:/arm-no~1/102021~1.10/bin/../lib/gcc/arm-none-eabi/10.3.1/thumb/v7-m/nofp/crtn.o
 *(.fini)
 .fini          0x08000850        0x4 d:/arm-no~1/102021~1.10/bin/../lib/gcc/arm-none-eabi/10.3.1/thumb/v7-m/nofp/crti.o
                0x08000850                _fini
 .fini          0x08000854        0x8 d:/arm-no~1/102021~1.10/bin/../lib/gcc/arm-none-eabi/10.3.1/thumb/v7-m/nofp/crtn.o
                0x0800085c                . = ALIGN (0x4)
                0x0800085c                _etext = .

.vfp11_veneer   0x0800085c        0x0
 .vfp11_veneer  0x0800085c        0x0 linker stubs

.v4_bx          0x0800085c        0x0
 .v4_bx         0x0800085c        0x0 linker stubs

.iplt           0x0800085c        0x0
 .iplt          0x0800085c        0x0 d:/arm-no~1/102021~1.10/bin/../lib/gcc/arm-none-eabi/10.3.1/thumb/v7-m/nofp/crtbegin.o

.rel.dyn        0x0800085c        0x0
 .rel.iplt      0x0800085c        0x0 d:/arm-no~1/102021~1.10/bin/../lib/gcc/arm-none-eabi/10.3.1/thumb/v7-m/nofp/crtbegin.o

.rodata         0x0800085c        0x0
                0x0800085c                . = ALIGN (0x4)
 *(.rodata)
 *(.rodata*)
                0x0800085c                . = ALIGN (0x4)

.ARM.extab
 *(.ARM.extab* .gnu.linkonce.armextab.*)

.ARM            0x0800085c        0x0
                0x0800085c                __exidx_start = .
 *(.ARM.exidx*)
                0x0800085c                __exidx_end = .

.preinit_array  0x0800085c        0x0
                0x0800085c                PROVIDE (__preinit_array_start = .)
 *(.preinit_array*)
                0x0800085c                PROVIDE (__preinit_array_end = .)

.init_array     0x0800085c        0x4
                0x0800085c                PROVIDE (__init_array_start = .)
 *(SORT_BY_NAME(.init_array.*))
 *(.init_array*)
 .init_array    0x0800085c        0x4 d:/arm-no~1/102021~1.10/bin/../lib/gcc/arm-none-eabi/10.3.1/thumb/v7-m/nofp/crtbegin.o
                0x08000860                PROVIDE (__init_array_end = .)

.fini_array     0x08000860        0x4
                [!provide]                PROVIDE (__fini_array_start = .)
 *(SORT_BY_NAME(.fini_array.*))
 *(.fini_array*)
 .fini_array    0x08000860        0x4 d:/arm-no~1/102021~1.10/bin/../lib/gcc/arm-none-eabi/10.3.1/thumb/v7-m/nofp/crtbegin.o
                [!provide]                PROVIDE (__fini_array_end = .)
                0x08000864                _sidata = LOADADDR (.data)

.data           0x20000000        0x0 load address 0x08000864
                0x20000000                . = ALIGN (0x4)
                0x20000000                _sdata = .
 *(.data)
 *(.data*)
                0x20000000                . = ALIGN (0x4)
                0x20000000                _edata = .

.igot.plt       0x20000000        0x0 load address 0x08000864
 .igot.plt      0x20000000        0x0 d:/arm-no~1/102021~1.10/bin/../lib/gcc/arm-none-eabi/10.3.1/thumb/v7-m/nofp/crtbegin.o
                0x20000000                . = ALIGN (0x4)

.bss            0x20000000       0xec load address 0x08000864
                0x20000000                _sbss = .
                0x20000000                __bss_start__ = _sbss
 *(.bss)
 .bss           0x20000000       0x1c d:/arm-no~1/102021~1.10/bin/../lib/gcc/arm-none-eabi/10.3.1/thumb/v7-m/nofp/crtbegin.o
 *(.bss*)
 .bss.fac_ms    0x2000001c        0x2 CMakeFiles/TemplateF103.elf.dir/SYSTEM/Src/delay.c.obj
 *fill*         0x2000001e        0x2 
 .bss.USART_RX_BUF
                0x20000020       0xc8 CMakeFiles/TemplateF103.elf.dir/SYSTEM/Src/usart.c.obj
                0x20000020                USART_RX_BUF
 .bss.USART_RX_STA
                0x200000e8        0x2 CMakeFiles/TemplateF103.elf.dir/SYSTEM/Src/usart.c.obj
                0x200000e8                USART_RX_STA
 *(COMMON)
                0x200000ec                . = ALIGN (0x4)
 *fill*         0x200000ea        0x2 
                0x200000ec                _ebss = .
                0x200000ec                __bss_end__ = _ebss

._user_heap_stack
                0x200000ec     0x1404 load address 0x08000864
                0x200000f0                . = ALIGN (0x8)
 *fill*         0x200000ec        0x4 
                [!provide]                PROVIDE (end = .)
                [!provide]                PROVIDE (_end = .)
                0x200010f0                . = (. + _Min_Heap_Size)
 *fill*         0x200000f0     0x1000 
                0x200014f0                . = (. + _Min_Stack_Size)
 *fill*         0x200010f0      0x400 
                0x200014f0                . = ALIGN (0x8)

/DISCARD/
 libc.a(*)
 libm.a(*)
 libgcc.a(*)

.ARM.attributes
                0x00000000       0x29
 *(.ARM.attributes)
 .ARM.attributes
                0x00000000       0x1d d:/arm-no~1/102021~1.10/bin/../lib/gcc/arm-none-eabi/10.3.1/thumb/v7-m/nofp/crti.o
 .ARM.attributes
                0x0000001d       0x2d d:/arm-no~1/102021~1.10/bin/../lib/gcc/arm-none-eabi/10.3.1/thumb/v7-m/nofp/crtbegin.o
 .ARM.attributes
                0x0000004a       0x2d CMakeFiles/TemplateF103.elf.dir/Core/Src/main.c.obj
 .ARM.attributes
                0x00000077       0x2d CMakeFiles/TemplateF103.elf.dir/Core/Src/stm32f10x_it.c.obj
 .ARM.attributes
                0x000000a4       0x2d CMakeFiles/TemplateF103.elf.dir/Core/Src/system_stm32f10x.c.obj
 .ARM.attributes
                0x000000d1       0x2d CMakeFiles/TemplateF103.elf.dir/STM32F10x_FWLib/Src/stm32f10x_gpio.c.obj
 .ARM.attributes
                0x000000fe       0x2d CMakeFiles/TemplateF103.elf.dir/STM32F10x_FWLib/Src/stm32f10x_rcc.c.obj
 .ARM.attributes
                0x0000012b       0x2d CMakeFiles/TemplateF103.elf.dir/STM32F10x_FWLib/Src/stm32f10x_usart.c.obj
 .ARM.attributes
                0x00000158       0x2d CMakeFiles/TemplateF103.elf.dir/SYSTEM/Src/delay.c.obj
 .ARM.attributes
                0x00000185       0x2d CMakeFiles/TemplateF103.elf.dir/SYSTEM/Src/usart.c.obj
 .ARM.attributes
                0x000001b2       0x21 CMakeFiles/TemplateF103.elf.dir/startup/startup_stm32f103xb.s.obj
 .ARM.attributes
                0x000001d3       0x2d d:/arm-no~1/102021~1.10/bin/../lib/gcc/arm-none-eabi/10.3.1/../../../../arm-none-eabi/lib/thumb/v7-m/nofp\libg_nano.a(lib_a-init.o)
 .ARM.attributes
                0x00000200       0x1d d:/arm-no~1/102021~1.10/bin/../lib/gcc/arm-none-eabi/10.3.1/thumb/v7-m/nofp/crtn.o
OUTPUT(TemplateF103.elf elf32-littlearm)
LOAD linker stubs
LOAD d:/arm-no~1/102021~1.10/bin/../lib/gcc/arm-none-eabi/10.3.1/../../../../arm-none-eabi/lib/thumb/v7-m/nofp\libc.a
LOAD d:/arm-no~1/102021~1.10/bin/../lib/gcc/arm-none-eabi/10.3.1/../../../../arm-none-eabi/lib/thumb/v7-m/nofp\libm.a
LOAD d:/arm-no~1/102021~1.10/bin/../lib/gcc/arm-none-eabi/10.3.1/thumb/v7-m/nofp\libgcc.a

.debug_info     0x00000000     0x3271
 .debug_info    0x00000000      0x239 CMakeFiles/TemplateF103.elf.dir/Core/Src/main.c.obj
 .debug_info    0x00000239      0x10e CMakeFiles/TemplateF103.elf.dir/Core/Src/stm32f10x_it.c.obj
 .debug_info    0x00000347      0x475 CMakeFiles/TemplateF103.elf.dir/Core/Src/system_stm32f10x.c.obj
 .debug_info    0x000007bc      0x72e CMakeFiles/TemplateF103.elf.dir/STM32F10x_FWLib/Src/stm32f10x_gpio.c.obj
 .debug_info    0x00000eea      0x8f3 CMakeFiles/TemplateF103.elf.dir/STM32F10x_FWLib/Src/stm32f10x_rcc.c.obj
 .debug_info    0x000017dd      0xa5b CMakeFiles/TemplateF103.elf.dir/STM32F10x_FWLib/Src/stm32f10x_usart.c.obj
 .debug_info    0x00002238      0x1e0 CMakeFiles/TemplateF103.elf.dir/SYSTEM/Src/delay.c.obj
 .debug_info    0x00002418      0xe37 CMakeFiles/TemplateF103.elf.dir/SYSTEM/Src/usart.c.obj
 .debug_info    0x0000324f       0x22 CMakeFiles/TemplateF103.elf.dir/startup/startup_stm32f103xb.s.obj

.debug_abbrev   0x00000000      0xbc7
 .debug_abbrev  0x00000000       0xfc CMakeFiles/TemplateF103.elf.dir/Core/Src/main.c.obj
 .debug_abbrev  0x000000fc       0x44 CMakeFiles/TemplateF103.elf.dir/Core/Src/stm32f10x_it.c.obj
 .debug_abbrev  0x00000140      0x1ae CMakeFiles/TemplateF103.elf.dir/Core/Src/system_stm32f10x.c.obj
 .debug_abbrev  0x000002ee      0x1e9 CMakeFiles/TemplateF103.elf.dir/STM32F10x_FWLib/Src/stm32f10x_gpio.c.obj
 .debug_abbrev  0x000004d7      0x1d3 CMakeFiles/TemplateF103.elf.dir/STM32F10x_FWLib/Src/stm32f10x_rcc.c.obj
 .debug_abbrev  0x000006aa      0x191 CMakeFiles/TemplateF103.elf.dir/STM32F10x_FWLib/Src/stm32f10x_usart.c.obj
 .debug_abbrev  0x0000083b      0x101 CMakeFiles/TemplateF103.elf.dir/SYSTEM/Src/delay.c.obj
 .debug_abbrev  0x0000093c      0x279 CMakeFiles/TemplateF103.elf.dir/SYSTEM/Src/usart.c.obj
 .debug_abbrev  0x00000bb5       0x12 CMakeFiles/TemplateF103.elf.dir/startup/startup_stm32f103xb.s.obj

.debug_aranges  0x00000000      0x410
 .debug_aranges
                0x00000000       0x20 CMakeFiles/TemplateF103.elf.dir/Core/Src/main.c.obj
 .debug_aranges
                0x00000020       0x60 CMakeFiles/TemplateF103.elf.dir/Core/Src/stm32f10x_it.c.obj
 .debug_aranges
                0x00000080       0x38 CMakeFiles/TemplateF103.elf.dir/Core/Src/system_stm32f10x.c.obj
 .debug_aranges
                0x000000b8       0xa8 CMakeFiles/TemplateF103.elf.dir/STM32F10x_FWLib/Src/stm32f10x_gpio.c.obj
 .debug_aranges
                0x00000160      0x118 CMakeFiles/TemplateF103.elf.dir/STM32F10x_FWLib/Src/stm32f10x_rcc.c.obj
 .debug_aranges
                0x00000278      0x100 CMakeFiles/TemplateF103.elf.dir/STM32F10x_FWLib/Src/stm32f10x_usart.c.obj
 .debug_aranges
                0x00000378       0x30 CMakeFiles/TemplateF103.elf.dir/SYSTEM/Src/delay.c.obj
 .debug_aranges
                0x000003a8       0x40 CMakeFiles/TemplateF103.elf.dir/SYSTEM/Src/usart.c.obj
 .debug_aranges
                0x000003e8       0x28 CMakeFiles/TemplateF103.elf.dir/startup/startup_stm32f103xb.s.obj

.debug_ranges   0x00000000      0x3a0
 .debug_ranges  0x00000000       0x10 CMakeFiles/TemplateF103.elf.dir/Core/Src/main.c.obj
 .debug_ranges  0x00000010       0x50 CMakeFiles/TemplateF103.elf.dir/Core/Src/stm32f10x_it.c.obj
 .debug_ranges  0x00000060       0x28 CMakeFiles/TemplateF103.elf.dir/Core/Src/system_stm32f10x.c.obj
 .debug_ranges  0x00000088       0x98 CMakeFiles/TemplateF103.elf.dir/STM32F10x_FWLib/Src/stm32f10x_gpio.c.obj
 .debug_ranges  0x00000120      0x108 CMakeFiles/TemplateF103.elf.dir/STM32F10x_FWLib/Src/stm32f10x_rcc.c.obj
 .debug_ranges  0x00000228       0xf0 CMakeFiles/TemplateF103.elf.dir/STM32F10x_FWLib/Src/stm32f10x_usart.c.obj
 .debug_ranges  0x00000318       0x20 CMakeFiles/TemplateF103.elf.dir/SYSTEM/Src/delay.c.obj
 .debug_ranges  0x00000338       0x48 CMakeFiles/TemplateF103.elf.dir/SYSTEM/Src/usart.c.obj
 .debug_ranges  0x00000380       0x20 CMakeFiles/TemplateF103.elf.dir/startup/startup_stm32f103xb.s.obj

.debug_line     0x00000000     0x1cc8
 .debug_line    0x00000000      0x173 CMakeFiles/TemplateF103.elf.dir/Core/Src/main.c.obj
 .debug_line    0x00000173       0xfd CMakeFiles/TemplateF103.elf.dir/Core/Src/stm32f10x_it.c.obj
 .debug_line    0x00000270      0x299 CMakeFiles/TemplateF103.elf.dir/Core/Src/system_stm32f10x.c.obj
 .debug_line    0x00000509      0x50a CMakeFiles/TemplateF103.elf.dir/STM32F10x_FWLib/Src/stm32f10x_gpio.c.obj
 .debug_line    0x00000a13      0x6a5 CMakeFiles/TemplateF103.elf.dir/STM32F10x_FWLib/Src/stm32f10x_rcc.c.obj
 .debug_line    0x000010b8      0x651 CMakeFiles/TemplateF103.elf.dir/STM32F10x_FWLib/Src/stm32f10x_usart.c.obj
 .debug_line    0x00001709      0x1de CMakeFiles/TemplateF103.elf.dir/SYSTEM/Src/delay.c.obj
 .debug_line    0x000018e7      0x360 CMakeFiles/TemplateF103.elf.dir/SYSTEM/Src/usart.c.obj
 .debug_line    0x00001c47       0x81 CMakeFiles/TemplateF103.elf.dir/startup/startup_stm32f103xb.s.obj

.debug_str      0x00000000     0x17d2
 .debug_str     0x00000000      0x2b6 CMakeFiles/TemplateF103.elf.dir/Core/Src/main.c.obj
                                0x2fc (size before relaxing)
 .debug_str     0x000002b6       0xaf CMakeFiles/TemplateF103.elf.dir/Core/Src/stm32f10x_it.c.obj
                                0x20c (size before relaxing)
 .debug_str     0x00000365      0x156 CMakeFiles/TemplateF103.elf.dir/Core/Src/system_stm32f10x.c.obj
                                0x2fc (size before relaxing)
 .debug_str     0x000004bb      0x261 CMakeFiles/TemplateF103.elf.dir/STM32F10x_FWLib/Src/stm32f10x_gpio.c.obj
                                0x540 (size before relaxing)
 .debug_str     0x0000071c      0x3d2 CMakeFiles/TemplateF103.elf.dir/STM32F10x_FWLib/Src/stm32f10x_rcc.c.obj
                                0x641 (size before relaxing)
 .debug_str     0x00000aee      0x455 CMakeFiles/TemplateF103.elf.dir/STM32F10x_FWLib/Src/stm32f10x_usart.c.obj
                                0x6b7 (size before relaxing)
 .debug_str     0x00000f43       0x67 CMakeFiles/TemplateF103.elf.dir/SYSTEM/Src/delay.c.obj
                                0x20e (size before relaxing)
 .debug_str     0x00000faa      0x7f5 CMakeFiles/TemplateF103.elf.dir/SYSTEM/Src/usart.c.obj
                                0xbde (size before relaxing)
 .debug_str     0x0000179f       0x33 CMakeFiles/TemplateF103.elf.dir/startup/startup_stm32f103xb.s.obj
                                 0x4c (size before relaxing)

.comment        0x00000000       0x49
 .comment       0x00000000       0x49 CMakeFiles/TemplateF103.elf.dir/Core/Src/main.c.obj
                                 0x4a (size before relaxing)
 .comment       0x00000049       0x4a CMakeFiles/TemplateF103.elf.dir/Core/Src/stm32f10x_it.c.obj
 .comment       0x00000049       0x4a CMakeFiles/TemplateF103.elf.dir/Core/Src/system_stm32f10x.c.obj
 .comment       0x00000049       0x4a CMakeFiles/TemplateF103.elf.dir/STM32F10x_FWLib/Src/stm32f10x_gpio.c.obj
 .comment       0x00000049       0x4a CMakeFiles/TemplateF103.elf.dir/STM32F10x_FWLib/Src/stm32f10x_rcc.c.obj
 .comment       0x00000049       0x4a CMakeFiles/TemplateF103.elf.dir/STM32F10x_FWLib/Src/stm32f10x_usart.c.obj
 .comment       0x00000049       0x4a CMakeFiles/TemplateF103.elf.dir/SYSTEM/Src/delay.c.obj
 .comment       0x00000049       0x4a CMakeFiles/TemplateF103.elf.dir/SYSTEM/Src/usart.c.obj

.debug_frame    0x00000000      0xfa0
 .debug_frame   0x00000000       0x30 CMakeFiles/TemplateF103.elf.dir/Core/Src/main.c.obj
 .debug_frame   0x00000030      0x110 CMakeFiles/TemplateF103.elf.dir/Core/Src/stm32f10x_it.c.obj
 .debug_frame   0x00000140       0x98 CMakeFiles/TemplateF103.elf.dir/Core/Src/system_stm32f10x.c.obj
 .debug_frame   0x000001d8      0x2d0 CMakeFiles/TemplateF103.elf.dir/STM32F10x_FWLib/Src/stm32f10x_gpio.c.obj
 .debug_frame   0x000004a8      0x4f4 CMakeFiles/TemplateF103.elf.dir/STM32F10x_FWLib/Src/stm32f10x_rcc.c.obj
 .debug_frame   0x0000099c      0x490 CMakeFiles/TemplateF103.elf.dir/STM32F10x_FWLib/Src/stm32f10x_usart.c.obj
 .debug_frame   0x00000e2c       0x7c CMakeFiles/TemplateF103.elf.dir/SYSTEM/Src/delay.c.obj
 .debug_frame   0x00000ea8       0xcc CMakeFiles/TemplateF103.elf.dir/SYSTEM/Src/usart.c.obj
 .debug_frame   0x00000f74       0x2c d:/arm-no~1/102021~1.10/bin/../lib/gcc/arm-none-eabi/10.3.1/../../../../arm-none-eabi/lib/thumb/v7-m/nofp\libg_nano.a(lib_a-init.o)
